- foo: "bar",
-   is: 1,
+   is: 2,
- stuff: 200,
---
-{
- baz: "qux",
-}
---
